26 12/18 19/21
45 13/8 6/2
55 12/22(2)
35 13/5.
26 12/18 19/21
15 13/12@ 12/7
46 bar/10.
25 8/6 7/2
12 10/12 17/18
36 8/2 5/2
14 12/17.
46 24/14.
23 17/20 18/20
16 24/23 14/8
24 1/3 1/5
45 6/2 6/1
25 3/10.
23 8/3.
36 5/14.
34 8/5 8/4
23 10/15.
16 13/12 13/7
45 14/19 15/19
25 12/7 5/3
11 21/23@(2)
11 bar/24 2/1(2) 4/3
26 17/19 17/23
34 24/17.
11 20/21(2) 23/24(2)
11 7/5(2).
26 18/20 18/24
55 17/2 5/off
14 21/off 24/off
55 6/1(3) 5/off
66 19/off(4).
13 3/off 1/off
45 20/off 21/off
66 3/off(2) 2/off(2)
24 19/off.
24 2/off(2).
35 19/24 22/off
45 1/off(2).
15 24/off 22/off
16 1/off(2).
11 23/off 24/off(2)